// Vitest Snapshot v1, https://vitest.dev/guide/snapshot.html

exports[`CommandPalette > matches snapshot 1`] = `
<div>
  <div
    style="position: fixed; top: 0px; left: 0px; right: 0px; bottom: 0px; background: rgba(0, 0, 0, 0.5); display: flex; align-items: flex-start; justify-content: center; padding-top: 10vh; z-index: 10000;"
  >
    <div
      style="width: 600px; max-width: 90vw; background: var(--slate-panel, #16181d); border: 1px solid var(--slate-border, #26292f); border-radius: 8px; box-shadow: 0 8px 32px rgba(0, 0, 0, 0.5); overflow: hidden;"
    >
      <div
        style="padding: 16px; border-bottom: 1px solid var(--slate-border, #26292f);"
      >
        <input
          placeholder="Type a command..."
          style="width: 100%; padding: 8px 12px; background: var(--slate-bg, #0f1115); border: 1px solid var(--slate-border, #26292f); border-radius: 4px; color: var(--slate-text, #e4e7eb); font-size: 14px; outline: none;"
          type="text"
          value=""
        />
      </div>
      <div
        style="max-height: 400px; overflow-y: auto;"
      >
        <div
          style="padding: 12px 16px; background: rgba(63, 140, 255, 0.1); cursor: pointer; display: flex; align-items: center; justify-content: space-between; border-bottom: 1px solid var(--slate-border, #26292f);"
        >
          <div>
            <div
              style="color: var(--slate-text, #e4e7eb); font-size: 13px; margin-bottom: 2px;"
            >
              New File
            </div>
            <div
              style="color: var(--slate-text-muted, #9ba1aa); font-size: 11px;"
            >
              File
            </div>
          </div>
        </div>
        <div
          style="padding: 12px 16px; background: transparent; cursor: pointer; display: flex; align-items: center; justify-content: space-between; border-bottom: 1px solid var(--slate-border, #26292f);"
        >
          <div>
            <div
              style="color: var(--slate-text, #e4e7eb); font-size: 13px; margin-bottom: 2px;"
            >
              Save
            </div>
            <div
              style="color: var(--slate-text-muted, #9ba1aa); font-size: 11px;"
            >
              File
            </div>
          </div>
          <div
            style="padding: 2px 6px; background: var(--slate-bg, #0f1115); border-radius: 4px; font-size: 11px; color: var(--slate-text-muted, #9ba1aa); font-family: monospace;"
          >
            Ctrl+S
          </div>
        </div>
        <div
          style="padding: 12px 16px; background: transparent; cursor: pointer; display: flex; align-items: center; justify-content: space-between; border-bottom: 1px solid var(--slate-border, #26292f);"
        >
          <div>
            <div
              style="color: var(--slate-text, #e4e7eb); font-size: 13px; margin-bottom: 2px;"
            >
              Open File
            </div>
            <div
              style="color: var(--slate-text-muted, #9ba1aa); font-size: 11px;"
            >
              File
            </div>
          </div>
        </div>
        <div
          style="padding: 12px 16px; background: transparent; cursor: pointer; display: flex; align-items: center; justify-content: space-between; border-bottom: 1px solid var(--slate-border, #26292f);"
        >
          <div>
            <div
              style="color: var(--slate-text, #e4e7eb); font-size: 13px; margin-bottom: 2px;"
            >
              Show Command Palette
            </div>
            <div
              style="color: var(--slate-text-muted, #9ba1aa); font-size: 11px;"
            >
              View
            </div>
          </div>
          <div
            style="padding: 2px 6px; background: var(--slate-bg, #0f1115); border-radius: 4px; font-size: 11px; color: var(--slate-text-muted, #9ba1aa); font-family: monospace;"
          >
            Ctrl+P
          </div>
        </div>
        <div
          style="padding: 12px 16px; background: transparent; cursor: pointer; display: flex; align-items: center; justify-content: space-between; border-bottom: 1px solid var(--slate-border, #26292f);"
        >
          <div>
            <div
              style="color: var(--slate-text, #e4e7eb); font-size: 13px; margin-bottom: 2px;"
            >
              Toggle Sidebar
            </div>
            <div
              style="color: var(--slate-text-muted, #9ba1aa); font-size: 11px;"
            >
              View
            </div>
          </div>
        </div>
      </div>
    </div>
  </div>
</div>
`;
