// Vitest Snapshot v1, https://vitest.dev/guide/snapshot.html

exports[`SplitPane > matches snapshot 1`] = `
<div>
  <div
    style="display: flex; flex-direction: row; width: 100%; height: 100%; overflow: hidden;"
  >
    <div
      style="width: 50%; height: 100%; overflow: auto;"
    >
      <div>
        Left
      </div>
    </div>
    <div
      style="width: 4px; height: 100%; background: var(--slate-border, #26292f); cursor: col-resize; transition: background 0.2s; position: relative; z-index: 10;"
    />
    <div
      style="width: 50%; height: 100%; overflow: auto;"
    >
      <div>
        Right
      </div>
    </div>
  </div>
</div>
`;
