// Vitest Snapshot v1, https://vitest.dev/guide/snapshot.html

exports[`TopBar > matches snapshot 1`] = `
<div>
  <div
    style="height: 40px; background: var(--slate-panel, #16181d); border-bottom: 1px solid var(--slate-border, #26292f); display: flex; align-items: center; padding: 0px 8px; gap: 16px;"
  >
    <div
      style="color: var(--slate-text, #e4e7eb); font-weight: bold; font-size: 13px; margin-right: 16px;"
    >
      WISSIL IDE
    </div>
    <div
      style="display: flex; gap: 4px;"
    >
      <button
        style="padding: 4px 8px; background: transparent; color: var(--slate-text, #e4e7eb); cursor: pointer; border-radius: 4px; font-size: 12px; transition: background 0.2s;"
      >
        File
      </button>
      <button
        style="padding: 4px 8px; background: transparent; color: var(--slate-text, #e4e7eb); cursor: pointer; border-radius: 4px; font-size: 12px; transition: background 0.2s;"
      >
        Edit
      </button>
      <button
        style="padding: 4px 8px; background: transparent; color: var(--slate-text, #e4e7eb); cursor: pointer; border-radius: 4px; font-size: 12px; transition: background 0.2s;"
      >
        View
      </button>
      <button
        style="padding: 4px 8px; background: transparent; color: var(--slate-text, #e4e7eb); cursor: pointer; border-radius: 4px; font-size: 12px; transition: background 0.2s;"
      >
        Run
      </button>
      <button
        style="padding: 4px 8px; background: transparent; color: var(--slate-text, #e4e7eb); cursor: pointer; border-radius: 4px; font-size: 12px; transition: background 0.2s;"
      >
        Help
      </button>
    </div>
    <div
      style="flex: 1 1 0%;"
    />
    <button
      style="padding: 4px 12px; background: var(--slate-bg, #0f1115); border: 1px solid var(--slate-border, #26292f); border-radius: 4px; color: var(--slate-text-muted, #9ba1aa); cursor: pointer; font-size: 11px; display: flex; align-items: center; gap: 4px;"
      title="Command Palette (Ctrl+P)"
    >
      <span>
        ⌘
      </span>
      <span>
        P
      </span>
    </button>
  </div>
</div>
`;
