// Vitest Snapshot v1, https://vitest.dev/guide/snapshot.html

exports[`NodeRenderer > matches snapshot 1`] = `
<div>
  <div
    style="position: absolute; left: 100px; top: 120px; min-width: 150px; background: var(--node-bg, #1b1e24); border: 1px solid var(--node-border, #2a2d35); border-radius: 8px; box-shadow: var(--shadow-md, 0 4px 8px rgba(0,0,0,0.25)); cursor: grab; user-select: none;"
  >
    <div
      style="background: var(--node-header-data, #7B68EE); padding: 8px 12px; border-top-left-radius: 8px; border-top-right-radius: 8px; color: white; font-weight: bold; font-size: 13px;"
    >
      Add
    </div>
    <div
      style="padding: 8px;"
    >
      <div
        style="display: flex; justify-content: space-between; margin-bottom: 8px;"
      >
        <div>
          <div
            style="margin-bottom: 4px; font-size: 11px; color: var(--slate-text, #e4e7eb); cursor: pointer; display: flex; align-items: center; gap: 4px;"
          >
            <div
              style="width: 8px; height: 8px; border-radius: 50%; background: var(--wire-exec, #55aaff); border: 1px solid var(--node-border, #2a2d35);"
            />
            A
          </div>
          <div
            style="margin-bottom: 4px; font-size: 11px; color: var(--slate-text, #e4e7eb); cursor: pointer; display: flex; align-items: center; gap: 4px;"
          >
            <div
              style="width: 8px; height: 8px; border-radius: 50%; background: var(--wire-exec, #55aaff); border: 1px solid var(--node-border, #2a2d35);"
            />
            B
          </div>
        </div>
        <div
          style="text-align: right;"
        >
          <div
            style="margin-bottom: 4px; font-size: 11px; color: var(--slate-text, #e4e7eb); cursor: pointer; display: flex; align-items: center; justify-content: flex-end; gap: 4px;"
          >
            Result
            <div
              style="width: 8px; height: 8px; border-radius: 50%; background: var(--wire-exec, #55aaff); border: 1px solid var(--node-border, #2a2d35);"
            />
          </div>
        </div>
      </div>
      <div
        style="border-top: 1px solid var(--node-border, #2a2d35); padding-top: 8px; font-size: 11px; color: var(--slate-text-muted, #9ba1aa);"
      >
        <div
          style="margin-bottom: 4px;"
        >
          a
          : 
          5
        </div>
        <div
          style="margin-bottom: 4px;"
        >
          b
          : 
          3
        </div>
      </div>
    </div>
  </div>
</div>
`;
