// Vitest Snapshot v1, https://vitest.dev/guide/snapshot.html

exports[`BlueprintEditorFull > matches snapshot 1`] = `
<div>
  <div
    style="display: flex; height: 100vh; background: var(--slate-bg, #0f1115); font-family: var(--font-primary, system-ui); overflow: hidden;"
  >
    <div
      style="width: 250px; background: var(--slate-panel, #16181d); border-right: 1px solid var(--slate-border, #26292f); display: flex; flex-direction: column; overflow: hidden;"
    >
      <div
        style="width: 250px; height: 100%; background: var(--slate-panel, #16181d); border-right: 1px solid var(--slate-border, #26292f); display: flex; flex-direction: column; transition: width 0.2s ease; overflow: hidden;"
      >
        <div
          style="padding: 12px; border-bottom: 1px solid var(--slate-border, #26292f);"
        >
          <button
            style="width: 100%; padding: 8px; background: var(--slate-accent, #3f8cff); border-radius: 4px; color: white; cursor: pointer; font-size: 14px; font-weight: bold;"
          >
            ←
          </button>
        </div>
        <div
          style="flex: 1 1 0%; overflow-y: auto; padding: 8px;"
        >
          <div
            style="padding: 8px 12px; color: var(--slate-text, #e4e7eb); cursor: pointer; border-radius: 4px; margin-bottom: 4px; background: transparent; display: flex; align-items: center; gap: 8px; font-size: 13px; transition: background 0.2s;"
          >
            <span>
              📋
            </span>
            <span
              style="flex: 1 1 0%;"
            >
              Blueprints
            </span>
          </div>
          <div
            style="padding: 8px 12px; color: var(--slate-text, #e4e7eb); cursor: pointer; border-radius: 4px; margin-bottom: 4px; background: transparent; display: flex; align-items: center; gap: 8px; font-size: 13px; transition: background 0.2s;"
          >
            <span>
              🧩
            </span>
            <span
              style="flex: 1 1 0%;"
            >
              Node Library
            </span>
          </div>
          <div
            style="padding: 8px 12px; color: var(--slate-text, #e4e7eb); cursor: pointer; border-radius: 4px; margin-bottom: 4px; background: transparent; display: flex; align-items: center; gap: 8px; font-size: 13px; transition: background 0.2s;"
          >
            <span>
              📦
            </span>
            <span
              style="flex: 1 1 0%;"
            >
              Templates
            </span>
          </div>
        </div>
      </div>
    </div>
    <div
      style="flex: 1 1 0%; display: flex; flex-direction: column; overflow: hidden;"
    >
      <div
        style="height: 40px; background: var(--slate-panel, #16181d); border-bottom: 1px solid var(--slate-border, #26292f); display: flex; align-items: center;"
      >
        <div
          style="height: 40px; background: var(--slate-panel, #16181d); border-bottom: 1px solid var(--slate-border, #26292f); display: flex; align-items: center; padding: 0px 8px; gap: 16px;"
        >
          <div
            style="color: var(--slate-text, #e4e7eb); font-weight: bold; font-size: 13px; margin-right: 16px;"
          >
            WISSIL Blueprint Editor
          </div>
          <div
            style="display: flex; gap: 4px;"
          >
            <button
              style="padding: 4px 8px; background: transparent; color: var(--slate-text, #e4e7eb); cursor: pointer; border-radius: 4px; font-size: 12px; transition: background 0.2s;"
            >
              File
            </button>
            <button
              style="padding: 4px 8px; background: transparent; color: var(--slate-text, #e4e7eb); cursor: pointer; border-radius: 4px; font-size: 12px; transition: background 0.2s;"
            >
              Edit
            </button>
            <button
              style="padding: 4px 8px; background: transparent; color: var(--slate-text, #e4e7eb); cursor: pointer; border-radius: 4px; font-size: 12px; transition: background 0.2s;"
            >
              View
            </button>
            <button
              style="padding: 4px 8px; background: transparent; color: var(--slate-text, #e4e7eb); cursor: pointer; border-radius: 4px; font-size: 12px; transition: background 0.2s;"
            >
              Run
            </button>
            <button
              style="padding: 4px 8px; background: transparent; color: var(--slate-text, #e4e7eb); cursor: pointer; border-radius: 4px; font-size: 12px; transition: background 0.2s;"
            >
              Help
            </button>
          </div>
          <div
            style="flex: 1 1 0%;"
          />
          <button
            style="padding: 4px 12px; background: var(--slate-bg, #0f1115); border: 1px solid var(--slate-border, #26292f); border-radius: 4px; color: var(--slate-text-muted, #9ba1aa); cursor: pointer; font-size: 11px; display: flex; align-items: center; gap: 4px;"
            title="Command Palette (Ctrl+P)"
          >
            <span>
              ⌘
            </span>
            <span>
              P
            </span>
          </button>
        </div>
      </div>
      <div
        style="flex: 1 1 0%; display: flex; overflow: hidden;"
      >
        <div
          style="flex: 1 1 0%; position: relative; overflow: hidden;"
        >
          <div
            style="display: flex; height: 100%;"
          >
            <div
              style="width: 250px; border-right: 1px solid var(--slate-border, #26292f);"
            >
              <div
                style="width: 100%; height: 100%; background: var(--slate-panel, #16181d); display: flex; flex-direction: column; overflow: hidden;"
              >
                <div
                  style="padding: 12px; border-bottom: 1px solid var(--slate-border, #26292f);"
                >
                  <input
                    placeholder="Search nodes..."
                    style="width: 100%; padding: 6px 8px; background: var(--slate-bg, #0f1115); border: 1px solid var(--slate-border, #26292f); border-radius: 4px; color: var(--slate-text, #e4e7eb); font-size: 12px; outline: none;"
                    type="text"
                    value=""
                  />
                </div>
                <div
                  style="flex: 1 1 0%; overflow-y: auto; padding: 8px;"
                >
                  <div
                    style="margin-bottom: 16px;"
                  >
                    <div
                      style="color: var(--slate-text-muted, #9ba1aa); font-size: 11px; font-weight: bold; text-transform: uppercase; margin-bottom: 8px; padding: 0px 8px;"
                    >
                      Math
                    </div>
                    <div
                      style="padding: 8px 12px; border-radius: 4px; cursor: pointer; color: var(--slate-text, #e4e7eb); font-size: 12px; display: flex; align-items: center; gap: 8px; margin-bottom: 2px; transition: background 0.2s;"
                    >
                      <span>
                        ➕
                      </span>
                      <div
                        style="flex: 1 1 0%;"
                      >
                        <div>
                          Add
                        </div>
                      </div>
                    </div>
                  </div>
                  <div
                    style="margin-bottom: 16px;"
                  >
                    <div
                      style="color: var(--slate-text-muted, #9ba1aa); font-size: 11px; font-weight: bold; text-transform: uppercase; margin-bottom: 8px; padding: 0px 8px;"
                    >
                      Flow
                    </div>
                    <div
                      style="padding: 8px 12px; border-radius: 4px; cursor: pointer; color: var(--slate-text, #e4e7eb); font-size: 12px; display: flex; align-items: center; gap: 8px; margin-bottom: 2px; transition: background 0.2s;"
                    >
                      <span>
                        🔀
                      </span>
                      <div
                        style="flex: 1 1 0%;"
                      >
                        <div>
                          Branch
                        </div>
                      </div>
                    </div>
                    <div
                      style="padding: 8px 12px; border-radius: 4px; cursor: pointer; color: var(--slate-text, #e4e7eb); font-size: 12px; display: flex; align-items: center; gap: 8px; margin-bottom: 2px; transition: background 0.2s;"
                    >
                      <span>
                        ⏱️
                      </span>
                      <div
                        style="flex: 1 1 0%;"
                      >
                        <div>
                          Delay
                        </div>
                      </div>
                    </div>
                  </div>
                  <div
                    style="margin-bottom: 16px;"
                  >
                    <div
                      style="color: var(--slate-text-muted, #9ba1aa); font-size: 11px; font-weight: bold; text-transform: uppercase; margin-bottom: 8px; padding: 0px 8px;"
                    >
                      Debug
                    </div>
                    <div
                      style="padding: 8px 12px; border-radius: 4px; cursor: pointer; color: var(--slate-text, #e4e7eb); font-size: 12px; display: flex; align-items: center; gap: 8px; margin-bottom: 2px; transition: background 0.2s;"
                    >
                      <span>
                        📝
                      </span>
                      <div
                        style="flex: 1 1 0%;"
                      >
                        <div>
                          Print
                        </div>
                      </div>
                    </div>
                  </div>
                  <div
                    style="margin-bottom: 16px;"
                  >
                    <div
                      style="color: var(--slate-text-muted, #9ba1aa); font-size: 11px; font-weight: bold; text-transform: uppercase; margin-bottom: 8px; padding: 0px 8px;"
                    >
                      Events
                    </div>
                    <div
                      style="padding: 8px 12px; border-radius: 4px; cursor: pointer; color: var(--slate-text, #e4e7eb); font-size: 12px; display: flex; align-items: center; gap: 8px; margin-bottom: 2px; transition: background 0.2s;"
                    >
                      <span>
                        ▶️
                      </span>
                      <div
                        style="flex: 1 1 0%;"
                      >
                        <div>
                          Start
                        </div>
                      </div>
                    </div>
                  </div>
                </div>
              </div>
            </div>
            <div
              style="flex: 1 1 0%;"
            >
              <div
                style="width: 100%; height: 100%; background: var(--slate-bg, #0f1115); position: relative; overflow: hidden; cursor: grab;"
              >
                <div
                  style="position: absolute; top: 0px; left: 0px; right: 0px; bottom: 0px; background-image: linear-gradient(to right, var(--slate-border, #26292f) 1px, transparent 1px),
            linear-gradient(to bottom, var(--slate-border, #26292f) 1px, transparent 1px); background-size: 20px 20px; background-position: 0px 0px; opacity: 0.3;"
                />
                <svg
                  style="position: absolute; width: 100%; height: 100%; pointer-events: none; transform: translate(0px, 0px) scale(1); transform-origin: 0 0;"
                />
                <div
                  style="position: absolute; width: 100%; height: 100%; transform: translate(0px, 0px) scale(1); transform-origin: 0 0; pointer-events: auto;"
                />
                <div
                  style="position: absolute; top: 50%; left: 50%; transform: translate(-50%, -50%); color: var(--slate-text-muted, #9ba1aa); text-align: center;"
                >
                  <div
                    style="font-size: 16px; margin-bottom: 8px;"
                  >
                    📋
                  </div>
                  <div>
                    Drag nodes from palette
                  </div>
                </div>
              </div>
            </div>
          </div>
        </div>
        <div
          style="width: 300px; background: var(--slate-panel, #16181d); border-left: 1px solid var(--slate-border, #26292f); display: flex; flex-direction: column; overflow: hidden;"
        >
          <div
            style="display: flex; flex-direction: column; height: 100%;"
          >
            <div
              style="flex: 1 1 0%; border-bottom: 1px solid var(--slate-border, #26292f);"
            >
              <div
                style="width: 100%; height: 100%; background: var(--slate-panel, #16181d); padding: 16px; display: flex; align-items: center; justify-content: center; color: var(--slate-text-muted, #9ba1aa); font-size: 13px;"
              >
                Select a node to edit properties
              </div>
            </div>
            <div
              style="flex: 1 1 0%;"
            >
              <div
                style="width: 100%; height: 100%; background: var(--slate-panel, #16181d); display: flex; flex-direction: column; overflow: hidden;"
              >
                <div
                  style="padding: 12px; border-bottom: 1px solid var(--slate-border, #26292f); color: var(--slate-text, #e4e7eb); font-weight: bold; font-size: 13px;"
                >
                  Debugger
                </div>
                <div
                  style="flex: 1 1 0%; overflow-y: auto; padding: 12px; font-family: var(--font-mono, monospace); font-size: 11px;"
                >
                  <div
                    style="color: var(--slate-text-muted, #9ba1aa); text-align: center; padding-top: 24px;"
                  >
                    No execution logs yet
                  </div>
                </div>
              </div>
            </div>
          </div>
        </div>
      </div>
    </div>
  </div>
</div>
`;
