// Vitest Snapshot v1, https://vitest.dev/guide/snapshot.html

exports[`DebuggerPanel > matches snapshot 1`] = `
<div>
  <div
    style="width: 100%; height: 100%; background: var(--slate-panel, #16181d); display: flex; flex-direction: column; overflow: hidden;"
  >
    <div
      style="padding: 12px; border-bottom: 1px solid var(--slate-border, #26292f); color: var(--slate-text, #e4e7eb); font-weight: bold; font-size: 13px;"
    >
      Debugger
    </div>
    <div
      style="flex: 1 1 0%; overflow-y: auto; padding: 12px; font-family: var(--font-mono, monospace); font-size: 11px;"
    >
      <div
        style="color: var(--slate-text-muted, #9ba1aa); text-align: center; padding-top: 24px;"
      >
        No execution logs yet
      </div>
    </div>
  </div>
</div>
`;
