// Vitest Snapshot v1, https://vitest.dev/guide/snapshot.html

exports[`FilePreview > matches snapshot 1`] = `
<div>
  <div
    style="width: 100%; height: 100%; background: var(--slate-bg, #0f1115); overflow: auto; padding: 16px; font-family: var(--font-mono, monospace);"
  >
    <div
      style="color: var(--slate-text-muted, #9ba1aa); font-size: 11px; margin-bottom: 12px; border-bottom: 1px solid var(--slate-border, #26292f); padding-bottom: 8px;"
    >
      file.json
       (
      javascript
      )
    </div>
    <pre
      style="margin: 0px; color: var(--slate-text, #e4e7eb); font-size: 12px; line-height: 1.6; white-space: pre-wrap; word-wrap: break-word;"
    >
      // File content will appear here

function example() {
  return true;
}
    </pre>
  </div>
</div>
`;
